R
C 3
= 0x7fbbaa5367f8
R
P 0x7fbbaa5367f8
S "model"
S "true"
C 5
R
P 0x7fbbaa5367f8
C 7
= 0x7fbbab076808
R
P 0x7fbbaa5367f8
C 4
R
P 0x7fbbab076808
U 3
C 274
R
P 0x7fbbab076808
C 294
R
P 0x7fbbab076808
S "WinnerTuple"
C 30
R
P 0x7fbbab076808
C 294
R
P 0x7fbbab076808
S "first"
C 30
R
P 0x7fbbab076808
C 294
R
P 0x7fbbab076808
S "second"
C 30
R
P 0x7fbbab076808
C 294
R
P 0x7fbbab076808
S "AuctionID"
C 30
R
P 0x7fbbab076808
C 294
R
P 0x7fbbab076808
$ |AuctionID|
C 31
= 0x7fbbab080138
R
P 0x7fbbab076808
C 294
R
P 0x7fbbab076808
P 0x7fbbab080138
C 9
R
P 0x7fbbab076808
C 294
R
P 0x7fbbab076808
S "Buyer"
C 30
R
P 0x7fbbab076808
C 294
R
P 0x7fbbab076808
$ |Buyer|
C 31
= 0x7fbbab080158
R
P 0x7fbbab076808
C 294
R
P 0x7fbbab076808
P 0x7fbbab080158
C 9
R
P 0x7fbbab076808
C 294
R
P 0x7fbbab076808
$ |WinnerTuple|
U 2
$ |first|
$ |second|
s 2
P 0x7fbbab080138
P 0x7fbbab080158
p 2
P 0x0
P 0x0
P 0x0
p 2
C 38
= 0x7fbbab080178
* 0x7fbbab084258 5
@ 0x7fbbab086208 6 0
@ 0x7fbbab086240 6 1
R
P 0x7fbbab076808
C 294
R
P 0x7fbbab076808
P 0x7fbbab080178
C 208
R
P 0x7fbbab076808
C 294
R
P 0x7fbbab076808
P 0x7fbbab080178
C 9
R
P 0x7fbbab076808
C 294
R
P 0x7fbbab076808
C 32
= 0x7fbbab07f818
R
P 0x7fbbab076808
P 0x7fbbab080178
P 0x7fbbab07f818
C 37
= 0x7fbbab080198
R
P 0x7fbbab076808
C 294
R
P 0x7fbbab076808
P 0x7fbbab080198
C 9
R
P 0x7fbbab076808
C 294
R
P 0x7fbbab076808
S "WinnerSet"
C 30
R
P 0x7fbbab076808
C 294
R
P 0x7fbbab076808
$ |WinnerSet|
P 0x7fbbab080198
C 50
= 0x7fbbab0801b8
R
P 0x7fbbab076808
C 294
R
P 0x7fbbab076808
P 0x7fbbab0801b8
C 208
R
P 0x7fbbab076808
C 294
R
P 0x7fbbab076808
P 0x7fbbab0801b8
C 205
= 0x7fbbab080198
R
P 0x7fbbab076808
C 294
R
P 0x7fbbab076808
P 0x7fbbab080198
C 166
R
P 0x7fbbab076808
C 294
R
P 0x7fbbab076808
P 0x7fbbab0801b8
C 211
R
P 0x7fbbab076808
C 294
R
P 0x7fbbab076808
P 0x7fbbab0801b8
C 210
R
P 0x7fbbab076808
C 294
R
P 0x7fbbab076808
P 0x7fbbab0801b8
C 9
R
P 0x7fbbab076808
C 294
R
P 0x7fbbab076808
S "Buyer"
C 30
R
P 0x7fbbab076808
C 294
R
P 0x7fbbab076808
$ |Buyer|
C 31
= 0x7fbbab080158
R
P 0x7fbbab076808
C 294
R
P 0x7fbbab076808
P 0x7fbbab080158
C 9
R
P 0x7fbbab076808
C 294
R
P 0x7fbbab076808
C 32
= 0x7fbbab07f818
R
P 0x7fbbab076808
P 0x7fbbab080158
P 0x7fbbab07f818
C 37
= 0x7fbbab0801d8
R
P 0x7fbbab076808
C 294
R
P 0x7fbbab076808
P 0x7fbbab0801d8
C 9
R
P 0x7fbbab076808
C 294
R
P 0x7fbbab076808
S "BuyerSet"
C 30
R
P 0x7fbbab076808
C 294
R
P 0x7fbbab076808
$ |BuyerSet|
P 0x7fbbab0801d8
C 50
= 0x7fbbab0801f8
R
P 0x7fbbab076808
C 294
R
P 0x7fbbab076808
P 0x7fbbab0801f8
C 208
R
P 0x7fbbab076808
C 294
R
P 0x7fbbab076808
P 0x7fbbab0801f8
C 205
= 0x7fbbab0801d8
R
P 0x7fbbab076808
C 294
R
P 0x7fbbab076808
P 0x7fbbab0801d8
C 166
R
P 0x7fbbab076808
C 294
R
P 0x7fbbab076808
P 0x7fbbab0801f8
C 211
R
P 0x7fbbab076808
C 294
R
P 0x7fbbab076808
P 0x7fbbab0801f8
C 210
R
P 0x7fbbab076808
C 294
R
P 0x7fbbab076808
P 0x7fbbab0801f8
C 9
R
P 0x7fbbab076808
C 294
R
P 0x7fbbab076808
S "AuctionID"
C 30
R
P 0x7fbbab076808
C 294
R
P 0x7fbbab076808
$ |AuctionID|
C 31
= 0x7fbbab080138
R
P 0x7fbbab076808
C 294
R
P 0x7fbbab076808
P 0x7fbbab080138
C 9
R
P 0x7fbbab076808
C 294
R
P 0x7fbbab076808
S "auction"
C 30
R
P 0x7fbbab076808
C 294
R
P 0x7fbbab076808
$ |auction|
P 0x7fbbab080138
C 50
= 0x7fbbab080218
R
P 0x7fbbab076808
C 294
R
P 0x7fbbab076808
P 0x7fbbab080218
C 208
R
P 0x7fbbab076808
C 294
R
P 0x7fbbab076808
P 0x7fbbab080218
C 205
= 0x7fbbab080138
R
P 0x7fbbab076808
C 294
R
P 0x7fbbab076808
P 0x7fbbab080138
C 166
R
P 0x7fbbab076808
C 294
R
P 0x7fbbab076808
P 0x7fbbab080218
C 211
R
P 0x7fbbab076808
C 294
R
P 0x7fbbab076808
P 0x7fbbab080218
C 210
R
P 0x7fbbab076808
C 294
R
P 0x7fbbab076808
P 0x7fbbab080218
C 9
R
P 0x7fbbab076808
C 294
R
P 0x7fbbab076808
S "Buyer"
C 30
R
P 0x7fbbab076808
C 294
R
P 0x7fbbab076808
$ |Buyer|
C 31
= 0x7fbbab080158
R
P 0x7fbbab076808
C 294
R
P 0x7fbbab076808
P 0x7fbbab080158
C 9
R
P 0x7fbbab076808
C 294
R
P 0x7fbbab076808
S "buyer"
C 30
R
P 0x7fbbab076808
C 294
R
P 0x7fbbab076808
$ |buyer|
P 0x7fbbab080158
C 50
= 0x7fbbab080238
R
P 0x7fbbab076808
C 294
R
P 0x7fbbab076808
P 0x7fbbab080238
C 208
R
P 0x7fbbab076808
C 294
R
P 0x7fbbab076808
P 0x7fbbab080238
C 205
= 0x7fbbab080158
R
P 0x7fbbab076808
C 294
R
P 0x7fbbab076808
P 0x7fbbab080158
C 166
R
P 0x7fbbab076808
C 294
R
P 0x7fbbab076808
P 0x7fbbab080238
C 211
R
P 0x7fbbab076808
C 294
R
P 0x7fbbab076808
P 0x7fbbab080238
C 210
R
P 0x7fbbab076808
C 294
R
P 0x7fbbab076808
P 0x7fbbab080238
C 9
R
P 0x7fbbab076808
C 294
R
P 0x7fbbab076808
S "AuctionID"
C 30
R
P 0x7fbbab076808
C 294
R
P 0x7fbbab076808
$ |AuctionID|
C 31
= 0x7fbbab080138
R
P 0x7fbbab076808
C 294
R
P 0x7fbbab076808
P 0x7fbbab080138
C 9
R
P 0x7fbbab076808
C 294
R
P 0x7fbbab076808
S "Buyer"
C 30
R
P 0x7fbbab076808
C 294
R
P 0x7fbbab076808
$ |Buyer|
C 31
= 0x7fbbab080158
R
P 0x7fbbab076808
C 294
R
P 0x7fbbab076808
P 0x7fbbab080158
C 9
R
P 0x7fbbab076808
C 294
R
P 0x7fbbab076808
S "auction"
C 30
R
P 0x7fbbab076808
C 294
R
P 0x7fbbab076808
S "buyer"
C 30
R
P 0x7fbbab076808
C 294
R
P 0x7fbbab076808
P 0x7fbbab080178
C 171
= 0x7fbbab084258
R
P 0x7fbbab076808
C 294
R
P 0x7fbbab076808
P 0x7fbbab084258
C 9
R
P 0x7fbbab076808
C 294
R
P 0x7fbbab076808
P 0x7fbbab084258
U 2
P 0x7fbbab080218
P 0x7fbbab080238
p 2
C 49
= 0x7fbbab086240
R
P 0x7fbbab076808
C 294
R
P 0x7fbbab076808
P 0x7fbbab086240
C 208
R
P 0x7fbbab076808
C 294
R
P 0x7fbbab076808
P 0x7fbbab086240
C 205
= 0x7fbbab080178
R
P 0x7fbbab076808
C 294
R
P 0x7fbbab076808
P 0x7fbbab080178
C 166
R
P 0x7fbbab076808
C 294
R
P 0x7fbbab076808
P 0x7fbbab086240
C 211
R
P 0x7fbbab076808
C 294
R
P 0x7fbbab076808
P 0x7fbbab086240
C 210
R
P 0x7fbbab076808
C 294
R
P 0x7fbbab076808
P 0x7fbbab086240
C 9
R
P 0x7fbbab076808
C 294
R
P 0x7fbbab076808
P 0x7fbbab0801b8
P 0x7fbbab086240
C 127
= 0x7fbbab086208
R
P 0x7fbbab076808
C 294
R
P 0x7fbbab076808
P 0x7fbbab086208
C 208
R
P 0x7fbbab076808
C 294
R
P 0x7fbbab076808
P 0x7fbbab086208
C 205
= 0x7fbbab07f818
R
P 0x7fbbab076808
C 294
R
P 0x7fbbab076808
P 0x7fbbab07f818
C 166
R
P 0x7fbbab076808
C 294
R
P 0x7fbbab076808
P 0x7fbbab086208
C 211
R
P 0x7fbbab076808
C 294
R
P 0x7fbbab076808
P 0x7fbbab086208
C 210
R
P 0x7fbbab076808
C 294
R
P 0x7fbbab076808
P 0x7fbbab086208
C 9
R
P 0x7fbbab076808
C 294
R
P 0x7fbbab076808
P 0x7fbbab0801f8
P 0x7fbbab080238
C 127
= 0x7fbbab086278
R
P 0x7fbbab076808
C 294
R
P 0x7fbbab076808
P 0x7fbbab086278
C 208
R
P 0x7fbbab076808
C 294
R
P 0x7fbbab076808
P 0x7fbbab086278
C 205
= 0x7fbbab07f818
R
P 0x7fbbab076808
C 294
R
P 0x7fbbab076808
P 0x7fbbab07f818
C 166
R
P 0x7fbbab076808
C 294
R
P 0x7fbbab076808
P 0x7fbbab086278
C 211
R
P 0x7fbbab076808
C 294
R
P 0x7fbbab076808
P 0x7fbbab086278
C 210
R
P 0x7fbbab076808
C 294
R
P 0x7fbbab076808
P 0x7fbbab086278
C 9
R
P 0x7fbbab076808
C 294
R
P 0x7fbbab076808
P 0x7fbbab086208
P 0x7fbbab086278
C 60
= 0x7fbbab0862b0
R
P 0x7fbbab076808
C 294
R
P 0x7fbbab076808
P 0x7fbbab0862b0
C 9
R
P 0x7fbbab076808
C 294
R
P 0x7fbbab076808
I 1
U 1
N
N
U 0
p 0
U 0
p 0
U 2
P 0x7fbbab080138
P 0x7fbbab080158
p 2
$ |auction|
$ |buyer|
s 2
P 0x7fbbab0862b0
C 154
= 0x7fbbac087218
R
P 0x7fbbab076808
C 294
R
P 0x7fbbab076808
P 0x7fbbac087218
C 208
R
P 0x7fbbab076808
C 294
R
P 0x7fbbab076808
P 0x7fbbac087218
C 209
R
P 0x7fbbab076808
C 294
R
P 0x7fbbab076808
P 0x7fbbac087218
C 208
R
P 0x7fbbab076808
C 294
R
P 0x7fbbab076808
P 0x7fbbac087218
C 208
R
P 0x7fbbab076808
C 294
R
P 0x7fbbab076808
P 0x7fbbac087218
C 9
R
P 0x7fbbab076808
C 294
R
P 0x7fbbab076808
P 0x7fbbac087218
C 275
R
P 0x7fbbab076808
C 294
